# serializer version: 1
# name: test_harness_structure_golden
  list([
    '.claude/agents/compliance-agent.md',
    '.claude/agents/doc-agent.md',
    '.claude/agents/hitl-projektleiter.md',
    '.claude/agents/methodology-agent.md',
    '.claude/agents/pmo-orchestrator.md',
    '.claude/agents/reviewer-agent.md',
    '.claude/agents/risk-agent.md',
    '.claude/commands/README.md',
    '.claude/hooks/audit-log.sh',
    '.claude/hooks/checkpoint.sh',
    '.claude/hooks/stop-on-red.sh',
    '.claude/plugins/agent-harness/plugin.json',
    '.claude/settings.json',
    '.claude/skills/_manifest.json',
    '.claude/skills/accessibility-review/SKILL.md',
    '.claude/skills/aims-compliance/SKILL.md',
    '.claude/skills/brand-guidelines/SKILL.md',
    '.claude/skills/canvas-design/SKILL.md',
    '.claude/skills/code-review/SKILL.md',
    '.claude/skills/docx/SKILL.md',
    '.claude/skills/eu-ai-act/SKILL.md',
    '.claude/skills/explain/SKILL.md',
    '.claude/skills/mece-check/SKILL.md',
    '.claude/skills/pdf/SKILL.md',
    '.claude/skills/pptx/SKILL.md',
    '.claude/skills/prompting-best-practices/SKILL.md',
    '.claude/skills/pvm-validate/SKILL.md',
    '.claude/skills/reset-milestone/SKILL.md',
    '.claude/skills/risk-traffic-light/SKILL.md',
    '.claude/skills/risk-view/SKILL.md',
    '.claude/skills/rubric-eval/SKILL.md',
    '.claude/skills/run-harness/SKILL.md',
    '.claude/skills/show-plan/SKILL.md',
    '.claude/skills/skill-creator/SKILL.md',
    '.claude/skills/usage-report/SKILL.md',
    '.claude/skills/validate-plan/SKILL.md',
    '.claude/skills/web-design-guidelines/SKILL.md',
    '.claude/skills/xlsx/SKILL.md',
    '.claude/skills/zgpm-plan/SKILL.md',
    '.env.example',
    '.gitignore',
    'AGENTS.md',
    'CHANGELOG.md',
    'CLAUDE.md',
    'HANDOVER.md',
    'INSTALL.md',
    'LICENSE',
    'README.md',
    'USERGUIDE.md',
    'checksums.txt',
    'guardrails.yaml',
    'memory/lead_plan.md',
    'orchestration.yaml',
    'plan/_version.json',
    'plan/cost.yaml',
    'plan/matrix.md',
    'plan/milestones/M01.yaml',
    'plan/milestones/M02.yaml',
    'plan/milestones/M03.yaml',
    'plan/milestones/M04.yaml',
    'plan/milestones/M05.yaml',
    'plan/msp.yaml',
    'plan/project.yaml',
    'plan/pvm.yaml',
    'plan/risks.yaml',
  ])
# ---
